a overflow
b overflow
c overflow
no d overflow
128.0
