1
second value
third value
something
3
1
inner slot 1
inner slot 2
